/home/ngoulou222/Documents/code/fps/collision/detector.py:12: warning: Compound collision::detector::CollisionDetector is not documented.
/home/ngoulou222/Documents/code/fps/gui.py:31: warning: Compound gui::CollapsibleSection is not documented.
/home/ngoulou222/Documents/code/fps/gui.py:180: warning: Compound gui::MainWindow is not documented.
/home/ngoulou222/Documents/code/fps/gui.py:77: warning: Compound gui::Preview3DCanvas is not documented.
/home/ngoulou222/Documents/code/fps/gui.py:-1: warning: documented symbol 'CollapsibleSection::setCheckable' was not declared or defined.
/home/ngoulou222/Documents/code/fps/gui.py:898: warning: return type of member gui.main is not documented
/home/ngoulou222/Documents/code/fps/main.py:36: warning: Member level (variable) of  main is not documented.
/home/ngoulou222/Documents/code/fps/main.py:37: warning: Member format (variable) of  main is not documented.
/home/ngoulou222/Documents/code/fps/main.py:38: warning: Member datefmt (variable) of  main is not documented.
/home/ngoulou222/Documents/code/fps/main.py:40: warning: Member logger (variable) of  main is not documented.
/home/ngoulou222/Documents/code/fps/main.py:89: warning: return type of member main.main is not documented
/home/ngoulou222/Documents/code/fps/main.py:42: warning: return type of member main.save_parametric_record_O1 is not documented
/home/ngoulou222/Documents/code/fps/validation/statistics.py:14: warning: Member logger (variable) of  validation::statistics is not documented.
/home/ngoulou222/Documents/code/fps/validation/topology.py:14: warning: Member logger (variable) of  validation::topology is not documented.
/home/ngoulou222/Documents/code/fps/visualization/descriptors.py:13: warning: Member logger (variable) of  visualization::descriptors is not documented.
/home/ngoulou222/Documents/code/fps/collision/detector.py:13: warning: Member __init__(self, config) (function) of class collision::detector::CollisionDetector is not documented.
/home/ngoulou222/Documents/code/fps/collision/detector.py:22: warning: Member is_group_valid(self, List fiber_group) (function) of class collision::detector::CollisionDetector is not documented.
/home/ngoulou222/Documents/code/fps/collision/detector.py:30: warning: Member is_segment_free(self, np.ndarray p1, np.ndarray p2, float radius) (function) of class collision::detector::CollisionDetector is not documented.
/home/ngoulou222/Documents/code/fps/collision/detector.py:51: warning: Member add_fibers_group(self, List fiber_group) (function) of class collision::detector::CollisionDetector is not documented.
/home/ngoulou222/Documents/code/fps/collision/detector.py:14: warning: Member config (variable) of class collision::detector::CollisionDetector is not documented.
/home/ngoulou222/Documents/code/fps/collision/detector.py:16: warning: Member grid (variable) of class collision::detector::CollisionDetector is not documented.
/home/ngoulou222/Documents/code/fps/collision/detector.py:18: warning: parameters of member collision.detector.CollisionDetector.check_collision_fine are not (all) documented
/home/ngoulou222/Documents/code/fps/collision/detector.py:18: warning: return type of member collision.detector.CollisionDetector.check_collision_fine is not documented
/home/ngoulou222/Documents/code/fps/collision/detector.py:55: warning: parameters of member collision.detector.CollisionDetector.is_fiber_valid_periodic are not (all) documented
/home/ngoulou222/Documents/code/fps/collision/detector.py:55: warning: return type of member collision.detector.CollisionDetector.is_fiber_valid_periodic is not documented
/home/ngoulou222/Documents/code/fps/collision/detector.py:40: warning: parameters of member collision.detector.CollisionDetector.is_point_free are not (all) documented
/home/ngoulou222/Documents/code/fps/collision/detector.py:40: warning: return type of member collision.detector.CollisionDetector.is_point_free is not documented
/home/ngoulou222/Documents/code/fps/collision/detector_math.py:86: warning: parameters of member collision.detector_math.check_collision_numba are not (all) documented
/home/ngoulou222/Documents/code/fps/collision/detector_math.py:86: warning: return type of member collision.detector_math.check_collision_numba is not documented
/home/ngoulou222/Documents/code/fps/collision/detector_math.py:153: warning: parameters of member collision.detector_math.min_dist_periodic_segments_numba are not (all) documented
/home/ngoulou222/Documents/code/fps/collision/detector_math.py:153: warning: return type of member collision.detector_math.min_dist_periodic_segments_numba is not documented
/home/ngoulou222/Documents/code/fps/collision/detector_math.py:121: warning: parameters of member collision.detector_math.min_dist_segments_numba are not (all) documented
/home/ngoulou222/Documents/code/fps/collision/detector_math.py:121: warning: return type of member collision.detector_math.min_dist_segments_numba is not documented
/home/ngoulou222/Documents/code/fps/core/config.py:101: warning: Member __post_init__(self) (function) of class core::config::FiberPackingConfig is not documented.
/home/ngoulou222/Documents/code/fps/core/config.py:99: warning: Member fiber_radius (variable) of class core::config::FiberPackingConfig is not documented.
/home/ngoulou222/Documents/code/fps/core/config.py:22: warning: Member float (variable) of class core::config::FiberPackingConfig is not documented.
/home/ngoulou222/Documents/code/fps/core/config.py:28: warning: Member str (variable) of class core::config::FiberPackingConfig is not documented.
/home/ngoulou222/Documents/code/fps/core/config.py:38: warning: Member int (variable) of class core::config::FiberPackingConfig is not documented.
/home/ngoulou222/Documents/code/fps/core/config.py:51: warning: Member bool (variable) of class core::config::FiberPackingConfig is not documented.
/home/ngoulou222/Documents/code/fps/core/config.py:82: warning: return type of member core.config.FiberPackingConfig.box_volume is not documented
/home/ngoulou222/Documents/code/fps/core/config.py:86: warning: parameters of member core.config.FiberPackingConfig.estimate_radius_if_needed are not (all) documented
/home/ngoulou222/Documents/code/fps/core/config.py:86: warning: return type of member core.config.FiberPackingConfig.estimate_radius_if_needed is not documented
/home/ngoulou222/Documents/code/fps/core/fiber.py:29: warning: Member id (variable) of class core::fiber::Fiber is not documented.
/home/ngoulou222/Documents/code/fps/core/fiber.py:30: warning: Member radius (variable) of class core::fiber::Fiber is not documented.
/home/ngoulou222/Documents/code/fps/core/fiber.py:31: warning: Member control_points (variable) of class core::fiber::Fiber is not documented.
/home/ngoulou222/Documents/code/fps/core/fiber.py:32: warning: Member is_ghost (variable) of class core::fiber::Fiber is not documented.
/home/ngoulou222/Documents/code/fps/core/fiber.py:33: warning: Member parent_id (variable) of class core::fiber::Fiber is not documented.
/home/ngoulou222/Documents/code/fps/core/fiber.py:36: warning: Member section_type (variable) of class core::fiber::Fiber is not documented.
/home/ngoulou222/Documents/code/fps/core/fiber.py:37: warning: Member section_params (variable) of class core::fiber::Fiber is not documented.
/home/ngoulou222/Documents/code/fps/core/fiber.py:40: warning: Member section_profile (variable) of class core::fiber::Fiber is not documented.
/home/ngoulou222/Documents/code/fps/core/fiber.py:58: warning: Member centerline (variable) of class core::fiber::Fiber is not documented.
/home/ngoulou222/Documents/code/fps/core/fiber.py:60: warning: Member B (variable) of class core::fiber::Fiber is not documented.
/home/ngoulou222/Documents/code/fps/core/fiber.py:64: warning: Member bbox (variable) of class core::fiber::Fiber is not documented.
/home/ngoulou222/Documents/code/fps/core/fiber.py:20: warning: parameters of member core.fiber.Fiber.__init__ are not (all) documented
/home/ngoulou222/Documents/code/fps/core/fiber.py:66: warning: return type of member core.fiber.Fiber.get_real_volume is not documented
/home/ngoulou222/Documents/code/fps/core/fiber.py:51: warning: return type of member core.fiber.Fiber.refresh_geometry is not documented
/home/ngoulou222/Documents/code/fps/core/grid_structure.py:27: warning: Member box_dims (variable) of class core::grid_structure::SpatialGrid is not documented.
/home/ngoulou222/Documents/code/fps/core/grid_structure.py:28: warning: Member cell_size (variable) of class core::grid_structure::SpatialGrid is not documented.
/home/ngoulou222/Documents/code/fps/core/grid_structure.py:21: warning: parameters of member core.grid_structure.SpatialGrid.__init__ are not (all) documented
/home/ngoulou222/Documents/code/fps/core/grid_structure.py:42: warning: parameters of member core.grid_structure.SpatialGrid.add_fiber are not (all) documented
/home/ngoulou222/Documents/code/fps/core/grid_structure.py:42: warning: return type of member core.grid_structure.SpatialGrid.add_fiber is not documented
/home/ngoulou222/Documents/code/fps/core/grid_structure.py:87: warning: parameters of member core.grid_structure.SpatialGrid.query_neighbors are not (all) documented
/home/ngoulou222/Documents/code/fps/core/grid_structure.py:87: warning: return type of member core.grid_structure.SpatialGrid.query_neighbors is not documented
/home/ngoulou222/Documents/code/fps/core/grid_structure.py:74: warning: parameters of member core.grid_structure.SpatialGrid.remove_fiber are not (all) documented
/home/ngoulou222/Documents/code/fps/core/grid_structure.py:74: warning: return type of member core.grid_structure.SpatialGrid.remove_fiber is not documented
/home/ngoulou222/Documents/code/fps/core/void.py:22: warning: parameters of member core.void.Void.contains_point are not (all) documented
/home/ngoulou222/Documents/code/fps/core/void.py:22: warning: return type of member core.void.Void.contains_point is not documented
/home/ngoulou222/Documents/code/fps/core/void.py:30: warning: parameters of member core.void.Void.intersect_fiber are not (all) documented
/home/ngoulou222/Documents/code/fps/core/void.py:30: warning: return type of member core.void.Void.intersect_fiber is not documented
/home/ngoulou222/Documents/code/fps/export/csv_exporter.py:12: warning: Member logger (variable) of  export::csv_exporter is not documented.
/home/ngoulou222/Documents/code/fps/export/csv_exporter.py:21: warning: parameters of member export.csv_exporter.CSVFiberExporter.export are not (all) documented
/home/ngoulou222/Documents/code/fps/export/csv_exporter.py:21: warning: return type of member export.csv_exporter.CSVFiberExporter.export is not documented
/home/ngoulou222/Documents/code/fps/export/gmsh_exporter.py:19: warning: Member config (variable) of class export::gmsh_exporter::GmshExporter is not documented.
/home/ngoulou222/Documents/code/fps/export/gmsh_exporter.py:14: warning: parameters of member export.gmsh_exporter.GmshExporter.__init__ are not (all) documented
/home/ngoulou222/Documents/code/fps/export/gmsh_exporter.py:21: warning: parameters of member export.gmsh_exporter.GmshExporter.generate_mesh are not (all) documented
/home/ngoulou222/Documents/code/fps/export/gmsh_exporter.py:21: warning: return type of member export.gmsh_exporter.GmshExporter.generate_mesh is not documented
/home/ngoulou222/Documents/code/fps/export/nastran_exporter.py:10: warning: Member logger (variable) of  export::nastran_exporter is not documented.
/home/ngoulou222/Documents/code/fps/export/nastran_exporter.py:24: warning: Member config (variable) of class export::nastran_exporter::NastranExporter is not documented.
/home/ngoulou222/Documents/code/fps/export/nastran_exporter.py:19: warning: parameters of member export.nastran_exporter.NastranExporter.__init__ are not (all) documented
/home/ngoulou222/Documents/code/fps/export/nastran_exporter.py:26: warning: parameters of member export.nastran_exporter.NastranExporter.convert_msh_to_bdf are not (all) documented
/home/ngoulou222/Documents/code/fps/export/nastran_exporter.py:26: warning: return type of member export.nastran_exporter.NastranExporter.convert_msh_to_bdf is not documented
/home/ngoulou222/Documents/code/fps/export/voxelizer.py:14: warning: Member logger (variable) of  export::voxelizer is not documented.
/home/ngoulou222/Documents/code/fps/export/voxelizer.py:16: warning: Member TAG_MATRIX (variable) of  export::voxelizer is not documented.
/home/ngoulou222/Documents/code/fps/export/voxelizer.py:17: warning: Member TAG_FIBER (variable) of  export::voxelizer is not documented.
/home/ngoulou222/Documents/code/fps/export/voxelizer.py:18: warning: Member TAG_VOID (variable) of  export::voxelizer is not documented.
/home/ngoulou222/Documents/code/fps/export/voxelizer.py:32: warning: Member config (variable) of class export::voxelizer::Voxelizer is not documented.
/home/ngoulou222/Documents/code/fps/export/voxelizer.py:27: warning: parameters of member export.voxelizer.Voxelizer.__init__ are not (all) documented
/home/ngoulou222/Documents/code/fps/export/voxelizer.py:34: warning: parameters of member export.voxelizer.Voxelizer.create_grid are not (all) documented
/home/ngoulou222/Documents/code/fps/export/voxelizer.py:34: warning: return type of member export.voxelizer.Voxelizer.create_grid is not documented
/home/ngoulou222/Documents/code/fps/export/voxelizer.py:112: warning: parameters of member export.voxelizer.Voxelizer.save_pgm are not (all) documented
/home/ngoulou222/Documents/code/fps/export/voxelizer.py:112: warning: return type of member export.voxelizer.Voxelizer.save_pgm is not documented
/home/ngoulou222/Documents/code/fps/generation/generator.py:14: warning: Member logger (variable) of  generation::generator is not documented.
/home/ngoulou222/Documents/code/fps/generation/generator.py:25: warning: Member config (variable) of class generation::generator::FiberGenerator is not documented.
/home/ngoulou222/Documents/code/fps/generation/generator.py:26: warning: Member detector (variable) of class generation::generator::FiberGenerator is not documented.
/home/ngoulou222/Documents/code/fps/generation/generator.py:27: warning: Member rng (variable) of class generation::generator::FiberGenerator is not documented.
/home/ngoulou222/Documents/code/fps/generation/generator.py:40: warning: Member bias_vectors (variable) of class generation::generator::FiberGenerator is not documented.
/home/ngoulou222/Documents/code/fps/generation/generator.py:41: warning: Member bias_strength (variable) of class generation::generator::FiberGenerator is not documented.
/home/ngoulou222/Documents/code/fps/generation/generator.py:21: warning: parameters of member generation.generator.FiberGenerator.__init__ are not (all) documented
/home/ngoulou222/Documents/code/fps/generation/generator.py:250: warning: parameters of member generation.generator.FiberGenerator.attempt_rsda_placement are not (all) documented
/home/ngoulou222/Documents/code/fps/generation/generator.py:250: warning: return type of member generation.generator.FiberGenerator.attempt_rsda_placement is not documented
/home/ngoulou222/Documents/code/fps/generation/generator.py:49: warning: parameters of member generation.generator.FiberGenerator.generate_fiber are not (all) documented
/home/ngoulou222/Documents/code/fps/generation/generator.py:49: warning: return type of member generation.generator.FiberGenerator.generate_fiber is not documented
/home/ngoulou222/Documents/code/fps/generation/optimizer_dynamic.py:16: warning: Member logger (variable) of  generation::optimizer_dynamic is not documented.
/home/ngoulou222/Documents/code/fps/generation/optimizer_dynamic.py:31: warning: Member config (variable) of class generation::optimizer_dynamic::DynamicOptimizer is not documented.
/home/ngoulou222/Documents/code/fps/generation/optimizer_dynamic.py:32: warning: Member detector (variable) of class generation::optimizer_dynamic::DynamicOptimizer is not documented.
/home/ngoulou222/Documents/code/fps/generation/optimizer_dynamic.py:33: warning: Member rng (variable) of class generation::optimizer_dynamic::DynamicOptimizer is not documented.
/home/ngoulou222/Documents/code/fps/generation/optimizer_dynamic.py:27: warning: parameters of member generation.optimizer_dynamic.DynamicOptimizer.__init__ are not (all) documented
/home/ngoulou222/Documents/code/fps/generation/optimizer_dynamic.py:35: warning: parameters of member generation.optimizer_dynamic.DynamicOptimizer.optimize_and_fill are not (all) documented
/home/ngoulou222/Documents/code/fps/generation/optimizer_dynamic.py:35: warning: return type of member generation.optimizer_dynamic.DynamicOptimizer.optimize_and_fill is not documented
/home/ngoulou222/Documents/code/fps/generation/periodicity.py:40: warning: parameters of member generation.periodicity.PeriodicManager.generate_ghosts are not (all) documented
/home/ngoulou222/Documents/code/fps/generation/periodicity.py:40: warning: return type of member generation.periodicity.PeriodicManager.generate_ghosts is not documented
/home/ngoulou222/Documents/code/fps/generation/periodicity.py:17: warning: parameters of member generation.periodicity.PeriodicManager.wrap_fiber are not (all) documented
/home/ngoulou222/Documents/code/fps/generation/periodicity.py:17: warning: return type of member generation.periodicity.PeriodicManager.wrap_fiber is not documented
/home/ngoulou222/Documents/code/fps/generation/porosity_gen.py:13: warning: Member logger (variable) of  generation::porosity_gen is not documented.
/home/ngoulou222/Documents/code/fps/gui.py:81: warning: parameters of member gui.Preview3DCanvas.__init__ are not (all) documented
/home/ngoulou222/Documents/code/fps/gui.py:85: warning: Member fig (variable) of class gui::Preview3DCanvas is not documented.
/home/ngoulou222/Documents/code/fps/gui.py:87: warning: Member ax (variable) of class gui::Preview3DCanvas is not documented.
/home/ngoulou222/Documents/code/fps/gui.py:102: warning: return type of member gui.Preview3DCanvas.draw_box is not documented
/home/ngoulou222/Documents/code/fps/gui.py:130: warning: return type of member gui.Preview3DCanvas.draw_fibers is not documented
/home/ngoulou222/Documents/code/fps/gui.py:191: warning: Member process (variable) of class gui::MainWindow is not documented.
/home/ngoulou222/Documents/code/fps/gui.py:240: warning: Member canvas (variable) of class gui::MainWindow is not documented.
/home/ngoulou222/Documents/code/fps/gui.py:248: warning: Member console (variable) of class gui::MainWindow is not documented.
/home/ngoulou222/Documents/code/fps/gui.py:255: warning: Member progress (variable) of class gui::MainWindow is not documented.
/home/ngoulou222/Documents/code/fps/gui.py:264: warning: Member btn_generate (variable) of class gui::MainWindow is not documented.
/home/ngoulou222/Documents/code/fps/gui.py:268: warning: Member btn_stop (variable) of class gui::MainWindow is not documented.
/home/ngoulou222/Documents/code/fps/gui.py:273: warning: Member btn_refresh (variable) of class gui::MainWindow is not documented.
/home/ngoulou222/Documents/code/fps/gui.py:298: warning: Member spin_lx (variable) of class gui::MainWindow is not documented.
/home/ngoulou222/Documents/code/fps/gui.py:299: warning: Member spin_ly (variable) of class gui::MainWindow is not documented.
/home/ngoulou222/Documents/code/fps/gui.py:300: warning: Member spin_lz (variable) of class gui::MainWindow is not documented.
/home/ngoulou222/Documents/code/fps/gui.py:316: warning: Member spin_vf (variable) of class gui::MainWindow is not documented.
/home/ngoulou222/Documents/code/fps/gui.py:318: warning: Member slider_vf (variable) of class gui::MainWindow is not documented.
/home/ngoulou222/Documents/code/fps/gui.py:332: warning: Member spin_seed (variable) of class gui::MainWindow is not documented.
/home/ngoulou222/Documents/code/fps/gui.py:354: warning: Member spin_radius (variable) of class gui::MainWindow is not documented.
/home/ngoulou222/Documents/code/fps/gui.py:358: warning: Member combo_section (variable) of class gui::MainWindow is not documented.
/home/ngoulou222/Documents/code/fps/gui.py:364: warning: Member spin_clearance (variable) of class gui::MainWindow is not documented.
/home/ngoulou222/Documents/code/fps/gui.py:368: warning: Member spin_sec_n (variable) of class gui::MainWindow is not documented.
/home/ngoulou222/Documents/code/fps/gui.py:387: warning: Member combo_bias (variable) of class gui::MainWindow is not documented.
/home/ngoulou222/Documents/code/fps/gui.py:396: warning: Member lbl_bias_desc (variable) of class gui::MainWindow is not documented.
/home/ngoulou222/Documents/code/fps/gui.py:402: warning: Member spin_strength (variable) of class gui::MainWindow is not documented.
/home/ngoulou222/Documents/code/fps/gui.py:404: warning: Member slider_strength (variable) of class gui::MainWindow is not documented.
/home/ngoulou222/Documents/code/fps/gui.py:417: warning: Member spin_curvature (variable) of class gui::MainWindow is not documented.
/home/ngoulou222/Documents/code/fps/gui.py:421: warning: Member spin_min_pts (variable) of class gui::MainWindow is not documented.
/home/ngoulou222/Documents/code/fps/gui.py:427: warning: Member spin_max_pts (variable) of class gui::MainWindow is not documented.
/home/ngoulou222/Documents/code/fps/gui.py:433: warning: Member spin_step (variable) of class gui::MainWindow is not documented.
/home/ngoulou222/Documents/code/fps/gui.py:437: warning: Member chk_rsda (variable) of class gui::MainWindow is not documented.
/home/ngoulou222/Documents/code/fps/gui.py:467: warning: Member chk_optimize (variable) of class gui::MainWindow is not documented.
/home/ngoulou222/Documents/code/fps/gui.py:473: warning: Member spin_opt_iters (variable) of class gui::MainWindow is not documented.
/home/ngoulou222/Documents/code/fps/gui.py:479: warning: Member spin_jitter (variable) of class gui::MainWindow is not documented.
/home/ngoulou222/Documents/code/fps/gui.py:483: warning: Member spin_compression (variable) of class gui::MainWindow is not documented.
/home/ngoulou222/Documents/code/fps/gui.py:487: warning: Member spin_injection (variable) of class gui::MainWindow is not documented.
/home/ngoulou222/Documents/code/fps/gui.py:518: warning: Member chk_porosity (variable) of class gui::MainWindow is not documented.
/home/ngoulou222/Documents/code/fps/gui.py:523: warning: Member spin_void_vf (variable) of class gui::MainWindow is not documented.
/home/ngoulou222/Documents/code/fps/gui.py:527: warning: Member spin_void_mean (variable) of class gui::MainWindow is not documented.
/home/ngoulou222/Documents/code/fps/gui.py:531: warning: Member spin_void_std (variable) of class gui::MainWindow is not documented.
/home/ngoulou222/Documents/code/fps/gui.py:560: warning: Member edit_output (variable) of class gui::MainWindow is not documented.
/home/ngoulou222/Documents/code/fps/gui.py:564: warning: Member spin_res_fft (variable) of class gui::MainWindow is not documented.
/home/ngoulou222/Documents/code/fps/gui.py:571: warning: Member chk_mesh (variable) of class gui::MainWindow is not documented.
/home/ngoulou222/Documents/code/fps/gui.py:576: warning: Member chk_periodic_mesh (variable) of class gui::MainWindow is not documented.
/home/ngoulou222/Documents/code/fps/gui.py:580: warning: Member chk_nastran (variable) of class gui::MainWindow is not documented.
/home/ngoulou222/Documents/code/fps/gui.py:584: warning: Member chk_stats (variable) of class gui::MainWindow is not documented.
/home/ngoulou222/Documents/code/fps/utils/logger.py:11: warning: parameters of member utils.logger.setup_logging are not (all) documented
/home/ngoulou222/Documents/code/fps/utils/logger.py:11: warning: return type of member utils.logger.setup_logging is not documented
/home/ngoulou222/Documents/code/fps/utils/logger.py:58: warning: return type of member utils.logger.LoggingMixin.logger is not documented
/home/ngoulou222/Documents/code/fps/validation/topology.py:29: warning: Member dims (variable) of class validation::topology::TopologyValidator is not documented.
/home/ngoulou222/Documents/code/fps/visualization/analyzer.py:24: warning: Member fibers (variable) of class visualization::analyzer::RVE_Analyzer is not documented.
/home/ngoulou222/Documents/code/fps/visualization/analyzer.py:25: warning: Member config (variable) of class visualization::analyzer::RVE_Analyzer is not documented.
/home/ngoulou222/Documents/code/fps/visualization/descriptors.py:25: warning: Member fibers (variable) of class visualization::descriptors::AD_PCA_Analyzer is not documented.
/home/ngoulou222/Documents/code/fps/visualization/descriptors.py:26: warning: Member num_fibers (variable) of class visualization::descriptors::AD_PCA_Analyzer is not documented.
/home/ngoulou222/Documents/code/fps/visualization/descriptors.py:29: warning: Member fiber_metrics (variable) of class visualization::descriptors::AD_PCA_Analyzer is not documented.
/home/ngoulou222/Documents/code/fps/visualization/descriptors.py:30: warning: Member A_axial (variable) of class visualization::descriptors::AD_PCA_Analyzer is not documented.
/home/ngoulou222/Documents/code/fps/visualization/descriptors.py:31: warning: Member A_planar (variable) of class visualization::descriptors::AD_PCA_Analyzer is not documented.
/home/ngoulou222/Documents/code/fps/visualization/descriptors.py:33: warning: return type of member visualization.descriptors.AD_PCA_Analyzer.compute_all is not documented
/home/ngoulou222/Documents/code/fps/visualization/descriptors.py:213: warning: Member fibers (variable) of class visualization::descriptors::MicroDescriptor is not documented.
/home/ngoulou222/Documents/code/fps/visualization/plotter.py:77: warning: return type of member visualization.plotter.Visualizer.plot_analysis_report is not documented
/home/ngoulou222/Documents/code/fps/visualization/plotter.py:27: warning: return type of member visualization.plotter.Visualizer.plot_rve is not documented
